Git y Github | Curso Práctico de Git y Github Desde Cero - 50:47
842.701 visualizaciones
2 ene 2018
https://www.youtube.com/watch?v=HiXLkL42tMU
24.354
270
COMPARTIR
GUARDAR
Fazt
369.000 suscriptores
Aprende a Dominar una de las herramienta más utilizadas por todos los desarrolladores web, programadores y expertos 
en código profesionales, llamada Git, un sistema de Control de versiones open source, creado por Linus Torvalds.
Git permite el manejo de código a lo largo del tiempo, permitiendo la colaboración en un equipo de programadores, 
desde cualquier parte del mundo. 
En este curso Aprenderemos desde como utilizar los comandos Básicos del bash de Git, 
hasta como subir nuestro Código a Github.


de VSCode 28/6/2021

barce@LAPTOP-035KM4CA MINGW64 /d/archivos_de_programas/wampserver64/www/jh/git-y-github (master)
$ ls
app.js  index.html

barce@LAPTOP-035KM4CA MINGW64 /d/archivos_de_programas/wampserver64/www/jh/git-y-github (master)
$ git status
On branch master

No commits yet

Untracked files:
  (use "git add <file>..." to include in what will be committed)
        app.js
        index.html

nothing added to commit but untracked files present (use "git add" to track)

barce@LAPTOP-035KM4CA MINGW64 /d/archivos_de_programas/wampserver64/www/jh/git-y-github (master)
$ git add .

barce@LAPTOP-035KM4CA MINGW64 /d/archivos_de_programas/wampserver64/www/jh/git-y-github (master)
$ git status
On branch master

No commits yet

Changes to be committed:
  (use "git rm --cached <file>..." to unstage)
        new file:   app.js
        new file:   index.html


barce@LAPTOP-035KM4CA MINGW64 /d/archivos_de_programas/wampserver64/www/jh/git-y-github (master)
$ git status
On branch master

No commits yet

Changes to be committed:
  (use "git rm --cached <file>..." to unstage)
        new file:   app.js
        new file:   index.html

Untracked files:
  (use "git add <file>..." to include in what will be committed)
        style.css


barce@LAPTOP-035KM4CA MINGW64 /d/archivos_de_programas/wampserver64/www/jh/git-y-github (master)
$ git add style.css

barce@LAPTOP-035KM4CA MINGW64 /d/archivos_de_programas/wampserver64/www/jh/git-y-github (master)
$ git status
On branch master

No commits yet

Changes to be committed:
  (use "git rm --cached <file>..." to unstage)
        new file:   app.js
        new file:   index.html
        new file:   style.css


barce@LAPTOP-035KM4CA MINGW64 /d/archivos_de_programas/wampserver64/www/jh/git-y-github (master)
$ git commit
hint: Waiting for your editor to close the file...
error: There was a problem with the editor '"D:\archivos_de_programas\Microsoft VS Code\Code.exe" --wait'.
Please supply the message using either -m or -F option.

barce@LAPTOP-035KM4CA MINGW64 /d/archivos_de_programas/wampserver64/www/jh/git-y-github (master)
$

barce@LAPTOP-035KM4CA MINGW64 /d/archivos_de_programas/wampserver64/www/jh/git-y-github (master)
$ git commit -m 'mi primer commit agrego archivos index.html app.js style.css'
[master (root-commit) 6f7f709] mi primer commit agrego archivos index.html app.js style.css
 3 files changed, 2 insertions(+)
 create mode 100644 app.js
 create mode 100644 index.html
 create mode 100644 style.css

barce@LAPTOP-035KM4CA MINGW64 /d/archivos_de_programas/wampserver64/www/jh/git-y-github (master)
$ git status
On branch master
nothing to commit, working tree clean

barce@LAPTOP-035KM4CA MINGW64 /d/archivos_de_programas/wampserver64/www/jh/git-y-github (master)
$ git log
commit 6f7f70975953b6ca27841799e42ec2e8dc39d48f (HEAD -> master)
Author: José Herrero <barcelona20180811@gmail.com>
Date:   Mon Jun 28 09:42:32 2021 +0200

    mi primer commit agrego archivos index.html app.js style.css

barce@LAPTOP-035KM4CA MINGW64 /d/archivos_de_programas/wampserver64/www/jh/git-y-github (master)
$
