Git y Github | Curso Práctico de Git y Github Desde Cero - 50:47
842.701 visualizaciones
2 ene 2018
https://www.youtube.com/watch?v=HiXLkL42tMU
24.354
270
COMPARTIR
GUARDAR
Fazt
369.000 suscriptores
Aprende a Dominar una de las herramienta más utilizadas por todos los desarrolladores web, programadores y expertos 
en código profesionales, llamada Git, un sistema de Control de versiones open source, creado por Linus Torvalds.
Git permite el manejo de código a lo largo del tiempo, permitiendo la colaboración en un equipo de programadores, 
desde cualquier parte del mundo. 
En este curso Aprenderemos desde como utilizar los comandos Básicos del bash de Git, 
hasta como subir nuestro Código a Github.


de VSCode 28/6/2021

barce@LAPTOP-035KM4CA MINGW64 /d/archivos_de_programas/wampserver64/www/jh/git-y-github (master)
$ ls
app.js  index.html

barce@LAPTOP-035KM4CA MINGW64 /d/archivos_de_programas/wampserver64/www/jh/git-y-github (master)
$ git status
On branch master

No commits yet

Untracked files:
  (use "git add <file>..." to include in what will be committed)
        app.js
        index.html

nothing added to commit but untracked files present (use "git add" to track)

barce@LAPTOP-035KM4CA MINGW64 /d/archivos_de_programas/wampserver64/www/jh/git-y-github (master)
$ git add .

barce@LAPTOP-035KM4CA MINGW64 /d/archivos_de_programas/wampserver64/www/jh/git-y-github (master)
$ git status
On branch master

No commits yet

Changes to be committed:
  (use "git rm --cached <file>..." to unstage)
        new file:   app.js
        new file:   index.html


barce@LAPTOP-035KM4CA MINGW64 /d/archivos_de_programas/wampserver64/www/jh/git-y-github (master)
$ git status
On branch master

No commits yet

Changes to be committed:
  (use "git rm --cached <file>..." to unstage)
        new file:   app.js
        new file:   index.html

Untracked files:
  (use "git add <file>..." to include in what will be committed)
        style.css


barce@LAPTOP-035KM4CA MINGW64 /d/archivos_de_programas/wampserver64/www/jh/git-y-github (master)
$ git add style.css

barce@LAPTOP-035KM4CA MINGW64 /d/archivos_de_programas/wampserver64/www/jh/git-y-github (master)
$ git status
On branch master

No commits yet

Changes to be committed:
  (use "git rm --cached <file>..." to unstage)
        new file:   app.js
        new file:   index.html
        new file:   style.css


barce@LAPTOP-035KM4CA MINGW64 /d/archivos_de_programas/wampserver64/www/jh/git-y-github (master)
$ git commit
hint: Waiting for your editor to close the file...
error: There was a problem with the editor '"D:\archivos_de_programas\Microsoft VS Code\Code.exe" --wait'.
Please supply the message using either -m or -F option.

barce@LAPTOP-035KM4CA MINGW64 /d/archivos_de_programas/wampserver64/www/jh/git-y-github (master)
$

barce@LAPTOP-035KM4CA MINGW64 /d/archivos_de_programas/wampserver64/www/jh/git-y-github (master)
$ git commit -m 'mi primer commit agrego archivos index.html app.js style.css'
[master (root-commit) 6f7f709] mi primer commit agrego archivos index.html app.js style.css
 3 files changed, 2 insertions(+)
 create mode 100644 app.js
 create mode 100644 index.html
 create mode 100644 style.css

barce@LAPTOP-035KM4CA MINGW64 /d/archivos_de_programas/wampserver64/www/jh/git-y-github (master)
$ git status
On branch master
nothing to commit, working tree clean

barce@LAPTOP-035KM4CA MINGW64 /d/archivos_de_programas/wampserver64/www/jh/git-y-github (master)
$ git log
commit 6f7f70975953b6ca27841799e42ec2e8dc39d48f (HEAD -> master)
Author: José Herrero <barcelona20180811@gmail.com>
Date:   Mon Jun 28 09:42:32 2021 +0200

    mi primer commit agrego archivos index.html app.js style.css

barce@LAPTOP-035KM4CA MINGW64 /d/archivos_de_programas/wampserver64/www/jh/git-y-github (master)
$

nothing added to commit but untracked files present (use "git add" to track)

barce@LAPTOP-035KM4CA MINGW64 /d/archivos_de_programas/wampserver64/www/jh/git-y-github (master)
$ git status
On branch master
Untracked files:
  (use "git add <file>..." to include in what will be committed)
        git-y-github.txt

nothing added to commit but untracked files present (use "git add" to track)

barce@LAPTOP-035KM4CA MINGW64 /d/archivos_de_programas/wampserver64/www/jh/git-y-github (master)
$ git add .

barce@LAPTOP-035KM4CA MINGW64 /d/archivos_de_programas/wampserver64/www/jh/git-y-github (master)
$ git status
On branch master
Changes to be committed:
  (use "git restore --staged <file>..." to unstage)
        new file:   git-y-github.txt


barce@LAPTOP-035KM4CA MINGW64 /d/archivos_de_programas/wampserver64/www/jh/git-y-github (master)
$ git commit -m 'my second commit: agrego el archivo git-y-github.txt'
[master 87c582a] my second commit: agrego el archivo git-y-github.txt
 1 file changed, 116 insertions(+)
 create mode 100644 git-y-github.txt

barce@LAPTOP-035KM4CA MINGW64 /d/archivos_de_programas/wampserver64/www/jh/git-y-github (master)
$ git log
commit 87c582a56e544debce0ad7e58ca61e0b0a55975a (HEAD -> master)
Author: José Herrero <barcelona20180811@gmail.com>
Date:   Mon Jun 28 09:52:49 2021 +0200

    my second commit: agrego el archivo git-y-github.txt

commit 6f7f70975953b6ca27841799e42ec2e8dc39d48f
Author: José Herrero <barcelona20180811@gmail.com>
Date:   Mon Jun 28 09:42:32 2021 +0200

    mi primer commit agrego archivos index.html app.js style.css
(END)

barce@LAPTOP-035KM4CA MINGW64 /d/archivos_de_programas/wampserver64/www/jh/git-y-github (master)
$ git log
commit 87c582a56e544debce0ad7e58ca61e0b0a55975a (HEAD -> master)
Author: José Herrero <barcelona20180811@gmail.com>
Date:   Mon Jun 28 09:52:49 2021 +0200

    my second commit: agrego el archivo git-y-github.txt

commit 6f7f70975953b6ca27841799e42ec2e8dc39d48f
Author: José Herrero <barcelona20180811@gmail.com>
Date:   Mon Jun 28 09:42:32 2021 +0200
:

barce@LAPTOP-035KM4CA MINGW64 /d/archivos_de_programas/wampserver64/www/jh/git-y-github (master)
$ git status
On branch master
Changes not staged for commit:
  (use "git add <file>..." to update what will be committed)
  (use "git restore <file>..." to discard changes in working directory)
        modified:   git-y-github.txt

no changes added to commit (use "git add" and/or "git commit -a")

barce@LAPTOP-035KM4CA MINGW64 /d/archivos_de_programas/wampserver64/www/jh/git-y-github (master)
$

_____________________________________________________________________

29/06/2021 7:45 horas

barce@LAPTOP-035KM4CA MINGW64 /d/archivos_de_programas/wampserver64/www/jh/git-y-github (master)
$ git status
On branch master
nothing to commit, working tree clean

barce@LAPTOP-035KM4CA MINGW64 /d/archivos_de_programas/wampserver64/www/jh/git-y-github (master)
$ git checkout -- index.html

barce@LAPTOP-035KM4CA MINGW64 /d/archivos_de_programas/wampserver64/www/jh/git-y-github (master)
$ git status
On branch master
Changes not staged for commit:
  (use "git add <file>..." to update what will be committed)
  (use "git restore <file>..." to discard changes in working directory)
        modified:   index.html

no changes added to commit (use "git add" and/or "git commit -a")

barce@LAPTOP-035KM4CA MINGW64 /d/archivos_de_programas/wampserver64/www/jh/git-y-github (master)
$ git diff index.html
diff --git a/index.html b/index.html
index 0fad483..bb55404 100644
--- a/index.html
+++ b/index.html
@@ -1 +1,10 @@
-Texto HTML
+<!DOCTYPE html>
+<html lang="en">
+  <head>
+    <meta charset="UTF-8" />
+    <meta http-equiv="X-UA-Compatible" content="IE=edge" />
+    <meta name="viewport" content="width=device-width, initial-scale=1.0" />
+    <title>Primera Página JH</title>
:...skipping...
diff --git a/index.html b/index.html
index 0fad483..bb55404 100644
--- a/index.html
+++ b/index.html
@@ -1 +1,10 @@
-Texto HTML
+<!DOCTYPE html>
+<html lang="en">
+  <head>
+    <meta charset="UTF-8" />
+    <meta http-equiv="X-UA-Compatible" content="IE=edge" />
+    <meta name="viewport" content="width=device-width, initial-scale=1.0" />
+    <title>Primera Página JH</title>
+  </head>
+  <body></body>
+</html>
~
~
~
~

barce@LAPTOP-035KM4CA MINGW64 /d/archivos_de_programas/wampserver64/www/jh/git-y-github (master)
$



barce@LAPTOP-035KM4CA MINGW64 /d/archivos_de_programas/wampserver64/www/jh/git-y-github (master)
$ git status
On branch master
Changes not staged for commit:
  (use "git add <file>..." to update what will be committed)
  (use "git restore <file>..." to discard changes in working directory)
        modified:   git-y-github.txt
        modified:   index.html

no changes added to commit (use "git add" and/or "git commit -a")

barce@LAPTOP-035KM4CA MINGW64 /d/archivos_de_programas/wampserver64/www/jh/git-y-github (master)
$ git add git-y-github.txt

barce@LAPTOP-035KM4CA MINGW64 /d/archivos_de_programas/wampserver64/www/jh/git-y-github (master)
$ git status
On branch master
Changes to be committed:
  (use "git restore --staged <file>..." to unstage)
        modified:   git-y-github.txt

Changes not staged for commit:
  (use "git add <file>..." to update what will be committed)
  (use "git restore <file>..." to discard changes in working directory)
        modified:   index.html


barce@LAPTOP-035KM4CA MINGW64 /d/archivos_de_programas/wampserver64/www/jh/git-y-github (master)
$ git add index.html

barce@LAPTOP-035KM4CA MINGW64 /d/archivos_de_programas/wampserver64/www/jh/git-y-github (master)
$ git status
On branch master
Changes to be committed:
  (use "git restore --staged <file>..." to unstage)
        modified:   git-y-github.txt
        modified:   index.html


barce@LAPTOP-035KM4CA MINGW64 /d/archivos_de_programas/wampserver64/www/jh/git-y-github (master)
$


$ git commit
hint: Waiting for your editor to close the file...
[master b73ea46] ahora se modificaron index.html y git-y-github.txt. El index.html ahora tiene código HTML.
 2 files changed, 72 insertions(+), 1 deletion(-)

barce@LAPTOP-035KM4CA MINGW64 /d/archivos_de_programas/wampserver64/www/jh/git-y-github (master)
$ wq
bash: wq: command not found

barce@LAPTOP-035KM4CA MINGW64 /d/archivos_de_programas/wampserver64/www/jh/git-y-github (master)
$


$ git status
On branch master
Changes not staged for commit:
  (use "git add <file>..." to update what will be committed)
  (use "git restore <file>..." to discard changes in working directory)
        modified:   git-y-github.txt

no changes added to commit (use "git add" and/or "git commit -a")

barce@LAPTOP-035KM4CA MINGW64 /d/archivos_de_programas/wampserver64/www/jh/git-y-github (master)
$ git add .

barce@LAPTOP-035KM4CA MINGW64 /d/archivos_de_programas/wampserver64/www/jh/git-y-github (master)
$ git status
On branch master
Changes to be committed:
  (use "git restore --staged <file>..." to unstage)
        modified:   git-y-github.txt


barce@LAPTOP-035KM4CA MINGW64 /d/archivos_de_programas/wampserver64/www/jh/git-y-github (master)
$


$ git log
commit b73ea46d836b820e16b0bbda94042132cba88c8d (HEAD -> master)
Author: José Herrero <barcelona20180811@gmail.com>
Date:   Tue Jun 29 08:11:03 2021 +0200

    ahora se modificaron index.html y git-y-github.txt.
    El index.html ahora tiene código HTML.

commit 89ced37bcfe7bf1453706ae3f1ecca8bc39251a8
Author: José Herrero <barcelona20180811@gmail.com>
Date:   Mon Jun 28 19:06:38 2021 +0200

    Commit three: modifico nuevamente git-y-github.txt

commit 87c582a56e544debce0ad7e58ca61e0b0a55975a
Author: José Herrero <barcelona20180811@gmail.com>
Date:   Mon Jun 28 09:52:49 2021 +0200

    my second commit: agrego el archivo git-y-github.txt

commit 6f7f70975953b6ca27841799e42ec2e8dc39d48f
:


barce@LAPTOP-035KM4CA MINGW64 /d/archivos_de_programas/wampserver64/www/jh/git-y-github (master)
$ git log
commit b73ea46d836b820e16b0bbda94042132cba88c8d (HEAD -> master)
commit b73ea46d836b820e16b0bbda94042132cba88c8d (HEAD -> master)
Author: José Herrero <barcelona20180811@gmail.com>
Date:   Tue Jun 29 08:11:03 2021 +0200

    ahora se modificaron index.html y git-y-github.txt.
    El index.html ahora tiene código HTML.

commit 89ced37bcfe7bf1453706ae3f1ecca8bc39251a8
Author: José Herrero <barcelona20180811@gmail.com>
Date:   Mon Jun 28 19:06:38 2021 +0200

    Commit three: modifico nuevamente git-y-github.txt

commit 87c582a56e544debce0ad7e58ca61e0b0a55975a
Author: José Herrero <barcelona20180811@gmail.com>
Date:   Mon Jun 28 09:52:49 2021 +0200

    my second commit: agrego el archivo git-y-github.txt

commit 6f7f70975953b6ca27841799e42ec2e8dc39d48f
Author: José Herrero <barcelona20180811@gmail.com>
Date:   Mon Jun 28 09:42:32 2021 +0200

:



